Checking FPL gameweek status...
Last gameweek the pipeline processed: 38
No newly-completed gameweek since last run — nothing to do.
Checking FPL gameweek status...
Last gameweek the pipeline processed: 38
No newly-completed gameweek since last run — nothing to do.
Checking FPL gameweek status...
Last gameweek the pipeline processed: 38
No newly-completed gameweek since last run — nothing to do.
Checking FPL gameweek status...
Last gameweek the pipeline processed: 38
No newly-completed gameweek since last run — nothing to do.
Checking FPL gameweek status...
Last gameweek the pipeline processed: 38
No newly-completed gameweek since last run — nothing to do.
Checking FPL gameweek status...
Last gameweek the pipeline processed: 38
No newly-completed gameweek since last run — nothing to do.
Checking FPL gameweek status...
Last gameweek the pipeline processed: 38
No newly-completed gameweek since last run — nothing to do.
Checking FPL gameweek status...
Last gameweek the pipeline processed: 38
No newly-completed gameweek since last run — nothing to do.
Checking FPL gameweek status...
Last gameweek the pipeline processed: 0

=== First run — raw structure of one gameweek event, verify field names ===
{
  "id": 1,
  "name": "Gameweek 1",
  "deadline_time": "2026-08-21T17:30:00Z",
  "release_time": null,
  "average_entry_score": 0,
  "finished": false,
  "data_checked": false,
  "highest_scoring_entry": null,
  "deadline_time_epoch": 1787333400,
  "deadline_time_game_offset": 0,
  "highest_score": null,
  "is_previous": false,
  "is_current": false,
  "is_next": true,
  "cup_leagues_created": false,
  "h2h_ko_matches_created": false,
  "can_enter": true,
  "can_manage": true,
  "released": true,
  "ranked_count": 0,
  "overrides": {
    "rules": {},
    "scoring": {},
    "element_types": [],
    "pick_multiplier": null
  },
  "chip_plays": [],
  "most_selected": null,
  "most_transferred_in": null,
  "top_element": null,
  "top_element_info": null,
  "transfers_made": 0,
  "most_captained": null,
  "most_vice_captained": null
}
...

No newly-completed gameweek since last run — nothing to do.
Checking FPL gameweek status...
Last gameweek the pipeline processed: 0

=== First run — raw structure of one gameweek event, verify field names ===
{
  "id": 1,
  "name": "Gameweek 1",
  "deadline_time": "2026-08-21T17:30:00Z",
  "release_time": null,
  "average_entry_score": 0,
  "finished": false,
  "data_checked": false,
  "highest_scoring_entry": null,
  "deadline_time_epoch": 1787333400,
  "deadline_time_game_offset": 0,
  "highest_score": null,
  "is_previous": false,
  "is_current": false,
  "is_next": true,
  "cup_leagues_created": false,
  "h2h_ko_matches_created": false,
  "can_enter": true,
  "can_manage": true,
  "released": true,
  "ranked_count": 0,
  "overrides": {
    "rules": {},
    "scoring": {},
    "element_types": [],
    "pick_multiplier": null
  },
  "chip_plays": [],
  "most_selected": null,
  "most_transferred_in": null,
  "top_element": null,
  "top_element_info": null,
  "transfers_made": 0,
  "most_captained": null,
  "most_vice_captained": null
}
...

No newly-completed gameweek since last run — nothing to do.
Checking FPL gameweek status...
Last gameweek the pipeline processed: 0

=== First run — raw structure of one gameweek event, verify field names ===
{
  "id": 1,
  "name": "Gameweek 1",
  "deadline_time": "2026-08-21T17:30:00Z",
  "release_time": null,
  "average_entry_score": 0,
  "finished": false,
  "data_checked": false,
  "highest_scoring_entry": null,
  "deadline_time_epoch": 1787333400,
  "deadline_time_game_offset": 0,
  "highest_score": null,
  "is_previous": false,
  "is_current": false,
  "is_next": true,
  "cup_leagues_created": false,
  "h2h_ko_matches_created": false,
  "can_enter": true,
  "can_manage": true,
  "released": true,
  "ranked_count": 0,
  "overrides": {
    "rules": {},
    "scoring": {},
    "element_types": [],
    "pick_multiplier": null
  },
  "chip_plays": [],
  "most_selected": null,
  "most_transferred_in": null,
  "top_element": null,
  "top_element_info": null,
  "transfers_made": 0,
  "most_captained": null,
  "most_vice_captained": null
}
...

No newly-completed gameweek since last run — nothing to do.
Checking FPL gameweek status...
Last gameweek the pipeline processed: 0

=== First run — raw structure of one gameweek event, verify field names ===
{
  "id": 1,
  "name": "Gameweek 1",
  "deadline_time": "2026-08-21T17:30:00Z",
  "release_time": null,
  "average_entry_score": 0,
  "finished": false,
  "data_checked": false,
  "highest_scoring_entry": null,
  "deadline_time_epoch": 1787333400,
  "deadline_time_game_offset": 0,
  "highest_score": null,
  "is_previous": false,
  "is_current": false,
  "is_next": true,
  "cup_leagues_created": false,
  "h2h_ko_matches_created": false,
  "can_enter": true,
  "can_manage": true,
  "released": true,
  "ranked_count": 0,
  "overrides": {
    "rules": {},
    "scoring": {},
    "element_types": [],
    "pick_multiplier": null
  },
  "chip_plays": [],
  "most_selected": null,
  "most_transferred_in": null,
  "top_element": null,
  "top_element_info": null,
  "transfers_made": 0,
  "most_captained": null,
  "most_vice_captained": null
}
...

No newly-completed gameweek since last run — nothing to do.
Checking FPL gameweek status...
Last gameweek the pipeline processed: 0

=== First run — raw structure of one gameweek event, verify field names ===
{
  "id": 1,
  "name": "Gameweek 1",
  "deadline_time": "2026-08-21T17:30:00Z",
  "release_time": null,
  "average_entry_score": 0,
  "finished": false,
  "data_checked": false,
  "highest_scoring_entry": null,
  "deadline_time_epoch": 1787333400,
  "deadline_time_game_offset": 0,
  "highest_score": null,
  "is_previous": false,
  "is_current": false,
  "is_next": true,
  "cup_leagues_created": false,
  "h2h_ko_matches_created": false,
  "can_enter": true,
  "can_manage": true,
  "released": true,
  "ranked_count": 0,
  "overrides": {
    "rules": {},
    "scoring": {},
    "element_types": [],
    "pick_multiplier": null
  },
  "chip_plays": [],
  "most_selected": null,
  "most_transferred_in": null,
  "top_element": null,
  "top_element_info": null,
  "transfers_made": 0,
  "most_captained": null,
  "most_vice_captained": null
}
...

No newly-completed gameweek since last run — nothing to do.
Checking FPL gameweek status...
Last gameweek the pipeline processed: 0

=== First run — raw structure of one gameweek event, verify field names ===
{
  "id": 1,
  "name": "Gameweek 1",
  "deadline_time": "2026-08-21T17:30:00Z",
  "release_time": null,
  "average_entry_score": 0,
  "finished": false,
  "data_checked": false,
  "highest_scoring_entry": null,
  "deadline_time_epoch": 1787333400,
  "deadline_time_game_offset": 0,
  "highest_score": null,
  "is_previous": false,
  "is_current": false,
  "is_next": true,
  "cup_leagues_created": false,
  "h2h_ko_matches_created": false,
  "can_enter": true,
  "can_manage": true,
  "released": true,
  "ranked_count": 0,
  "overrides": {
    "rules": {},
    "scoring": {},
    "element_types": [],
    "pick_multiplier": null
  },
  "chip_plays": [],
  "most_selected": null,
  "most_transferred_in": null,
  "top_element": null,
  "top_element_info": null,
  "transfers_made": 0,
  "most_captained": null,
  "most_vice_captained": null
}
...

No newly-completed gameweek since last run — nothing to do.
Checking FPL gameweek status...
Last gameweek the pipeline processed: 0

=== First run — raw structure of one gameweek event, verify field names ===
{
  "id": 1,
  "name": "Gameweek 1",
  "deadline_time": "2026-08-21T17:30:00Z",
  "release_time": null,
  "average_entry_score": 0,
  "finished": false,
  "data_checked": false,
  "highest_scoring_entry": null,
  "deadline_time_epoch": 1787333400,
  "deadline_time_game_offset": 0,
  "highest_score": null,
  "is_previous": false,
  "is_current": false,
  "is_next": true,
  "cup_leagues_created": false,
  "h2h_ko_matches_created": false,
  "can_enter": true,
  "can_manage": true,
  "released": true,
  "ranked_count": 0,
  "overrides": {
    "rules": {},
    "scoring": {},
    "element_types": [],
    "pick_multiplier": null
  },
  "chip_plays": [],
  "most_selected": null,
  "most_transferred_in": null,
  "top_element": null,
  "top_element_info": null,
  "transfers_made": 0,
  "most_captained": null,
  "most_vice_captained": null
}
...

No newly-completed gameweek since last run — nothing to do.
Checking FPL gameweek status...
Last gameweek the pipeline processed: 0

=== First run — raw structure of one gameweek event, verify field names ===
{
  "id": 1,
  "name": "Gameweek 1",
  "deadline_time": "2026-08-21T17:30:00Z",
  "release_time": null,
  "average_entry_score": 0,
  "finished": false,
  "data_checked": false,
  "highest_scoring_entry": null,
  "deadline_time_epoch": 1787333400,
  "deadline_time_game_offset": 0,
  "highest_score": null,
  "is_previous": false,
  "is_current": false,
  "is_next": true,
  "cup_leagues_created": false,
  "h2h_ko_matches_created": false,
  "can_enter": true,
  "can_manage": true,
  "released": true,
  "ranked_count": 0,
  "overrides": {
    "rules": {},
    "scoring": {},
    "element_types": [],
    "pick_multiplier": null
  },
  "chip_plays": [],
  "most_selected": null,
  "most_transferred_in": null,
  "top_element": null,
  "top_element_info": null,
  "transfers_made": 0,
  "most_captained": null,
  "most_vice_captained": null
}
...

No newly-completed gameweek since last run — nothing to do.
Checking FPL gameweek status...
Last gameweek the pipeline processed: 0

=== First run — raw structure of one gameweek event, verify field names ===
{
  "id": 1,
  "name": "Gameweek 1",
  "deadline_time": "2026-08-21T17:30:00Z",
  "release_time": null,
  "average_entry_score": 0,
  "finished": false,
  "data_checked": false,
  "highest_scoring_entry": null,
  "deadline_time_epoch": 1787333400,
  "deadline_time_game_offset": 0,
  "highest_score": null,
  "is_previous": false,
  "is_current": false,
  "is_next": true,
  "cup_leagues_created": false,
  "h2h_ko_matches_created": false,
  "can_enter": true,
  "can_manage": true,
  "released": true,
  "ranked_count": 0,
  "overrides": {
    "rules": {},
    "scoring": {},
    "element_types": [],
    "pick_multiplier": null
  },
  "chip_plays": [],
  "most_selected": null,
  "most_transferred_in": null,
  "top_element": null,
  "top_element_info": null,
  "transfers_made": 0,
  "most_captained": null,
  "most_vice_captained": null
}
...

No newly-completed gameweek since last run — nothing to do.
Checking FPL gameweek status...
Last gameweek the pipeline processed: 0

=== First run — raw structure of one gameweek event, verify field names ===
{
  "id": 1,
  "name": "Gameweek 1",
  "deadline_time": "2026-08-21T17:30:00Z",
  "release_time": null,
  "average_entry_score": 0,
  "finished": false,
  "data_checked": false,
  "highest_scoring_entry": null,
  "deadline_time_epoch": 1787333400,
  "deadline_time_game_offset": 0,
  "highest_score": null,
  "is_previous": false,
  "is_current": false,
  "is_next": true,
  "cup_leagues_created": false,
  "h2h_ko_matches_created": false,
  "can_enter": true,
  "can_manage": true,
  "released": true,
  "ranked_count": 0,
  "overrides": {
    "rules": {},
    "scoring": {},
    "element_types": [],
    "pick_multiplier": null
  },
  "chip_plays": [],
  "most_selected": null,
  "most_transferred_in": null,
  "top_element": null,
  "top_element_info": null,
  "transfers_made": 0,
  "most_captained": null,
  "most_vice_captained": null
}
...

No newly-completed gameweek since last run — nothing to do.
Checking FPL gameweek status...
Last gameweek the pipeline processed: 0

=== First run — raw structure of one gameweek event, verify field names ===
{
  "id": 1,
  "name": "Gameweek 1",
  "deadline_time": "2026-08-21T17:30:00Z",
  "release_time": null,
  "average_entry_score": 0,
  "finished": false,
  "data_checked": false,
  "highest_scoring_entry": null,
  "deadline_time_epoch": 1787333400,
  "deadline_time_game_offset": 0,
  "highest_score": null,
  "is_previous": false,
  "is_current": false,
  "is_next": true,
  "cup_leagues_created": false,
  "h2h_ko_matches_created": false,
  "can_enter": true,
  "can_manage": true,
  "released": true,
  "ranked_count": 0,
  "overrides": {
    "rules": {},
    "scoring": {},
    "element_types": [],
    "pick_multiplier": null
  },
  "chip_plays": [],
  "most_selected": null,
  "most_transferred_in": null,
  "top_element": null,
  "top_element_info": null,
  "transfers_made": 0,
  "most_captained": null,
  "most_vice_captained": null
}
...

No newly-completed gameweek since last run — nothing to do.
Checking FPL gameweek status...
Last gameweek the pipeline processed: 0

=== First run — raw structure of one gameweek event, verify field names ===
{
  "id": 1,
  "name": "Gameweek 1",
  "deadline_time": "2026-08-21T17:30:00Z",
  "release_time": null,
  "average_entry_score": 0,
  "finished": false,
  "data_checked": false,
  "highest_scoring_entry": null,
  "deadline_time_epoch": 1787333400,
  "deadline_time_game_offset": 0,
  "highest_score": null,
  "is_previous": false,
  "is_current": false,
  "is_next": true,
  "cup_leagues_created": false,
  "h2h_ko_matches_created": false,
  "can_enter": true,
  "can_manage": true,
  "released": true,
  "ranked_count": 0,
  "overrides": {
    "rules": {},
    "scoring": {},
    "element_types": [],
    "pick_multiplier": null
  },
  "chip_plays": [],
  "most_selected": null,
  "most_transferred_in": null,
  "top_element": null,
  "top_element_info": null,
  "transfers_made": 0,
  "most_captained": null,
  "most_vice_captained": null
}
...

No newly-completed gameweek since last run — nothing to do.
Checking FPL gameweek status...
Last gameweek the pipeline processed: 0

=== First run — raw structure of one gameweek event, verify field names ===
{
  "id": 1,
  "name": "Gameweek 1",
  "deadline_time": "2026-08-21T17:30:00Z",
  "release_time": null,
  "average_entry_score": 0,
  "finished": false,
  "data_checked": false,
  "highest_scoring_entry": null,
  "deadline_time_epoch": 1787333400,
  "deadline_time_game_offset": 0,
  "highest_score": null,
  "is_previous": false,
  "is_current": false,
  "is_next": true,
  "cup_leagues_created": false,
  "h2h_ko_matches_created": false,
  "can_enter": true,
  "can_manage": true,
  "released": true,
  "ranked_count": 0,
  "overrides": {
    "rules": {},
    "scoring": {},
    "element_types": [],
    "pick_multiplier": null
  },
  "chip_plays": [],
  "most_selected": null,
  "most_transferred_in": null,
  "top_element": null,
  "top_element_info": null,
  "transfers_made": 0,
  "most_captained": null,
  "most_vice_captained": null
}
...

No newly-completed gameweek since last run — nothing to do.
Checking FPL gameweek status...
Last gameweek the pipeline processed: 0

=== First run — raw structure of one gameweek event, verify field names ===
{
  "id": 1,
  "name": "Gameweek 1",
  "deadline_time": "2026-08-21T17:30:00Z",
  "release_time": null,
  "average_entry_score": 0,
  "finished": false,
  "data_checked": false,
  "highest_scoring_entry": null,
  "deadline_time_epoch": 1787333400,
  "deadline_time_game_offset": 0,
  "highest_score": null,
  "is_previous": false,
  "is_current": false,
  "is_next": true,
  "cup_leagues_created": false,
  "h2h_ko_matches_created": false,
  "can_enter": true,
  "can_manage": true,
  "released": true,
  "ranked_count": 0,
  "overrides": {
    "rules": {},
    "scoring": {},
    "element_types": [],
    "pick_multiplier": null
  },
  "chip_plays": [],
  "most_selected": null,
  "most_transferred_in": null,
  "top_element": null,
  "top_element_info": null,
  "transfers_made": 0,
  "most_captained": null,
  "most_vice_captained": null
}
...

No newly-completed gameweek since last run — nothing to do.
Checking FPL gameweek status...
Last gameweek the pipeline processed: 0

=== First run — raw structure of one gameweek event, verify field names ===
{
  "id": 1,
  "name": "Gameweek 1",
  "deadline_time": "2026-08-21T17:30:00Z",
  "release_time": null,
  "average_entry_score": 0,
  "finished": false,
  "data_checked": false,
  "highest_scoring_entry": null,
  "deadline_time_epoch": 1787333400,
  "deadline_time_game_offset": 0,
  "highest_score": null,
  "is_previous": false,
  "is_current": false,
  "is_next": true,
  "cup_leagues_created": false,
  "h2h_ko_matches_created": false,
  "can_enter": true,
  "can_manage": true,
  "released": true,
  "ranked_count": 0,
  "overrides": {
    "rules": {},
    "scoring": {},
    "element_types": [],
    "pick_multiplier": null
  },
  "chip_plays": [],
  "most_selected": null,
  "most_transferred_in": null,
  "top_element": null,
  "top_element_info": null,
  "transfers_made": 0,
  "most_captained": null,
  "most_vice_captained": null
}
...

No newly-completed gameweek since last run — nothing to do.
Checking FPL gameweek status...
Last gameweek the pipeline processed: 0

=== First run — raw structure of one gameweek event, verify field names ===
{
  "id": 1,
  "name": "Gameweek 1",
  "deadline_time": "2026-08-21T17:30:00Z",
  "release_time": null,
  "average_entry_score": 0,
  "finished": false,
  "data_checked": false,
  "highest_scoring_entry": null,
  "deadline_time_epoch": 1787333400,
  "deadline_time_game_offset": 0,
  "highest_score": null,
  "is_previous": false,
  "is_current": false,
  "is_next": true,
  "cup_leagues_created": false,
  "h2h_ko_matches_created": false,
  "can_enter": true,
  "can_manage": true,
  "released": true,
  "ranked_count": 0,
  "overrides": {
    "rules": {},
    "scoring": {},
    "element_types": [],
    "pick_multiplier": null
  },
  "chip_plays": [],
  "most_selected": null,
  "most_transferred_in": null,
  "top_element": null,
  "top_element_info": null,
  "transfers_made": 0,
  "most_captained": null,
  "most_vice_captained": null
}
...

No newly-completed gameweek since last run — nothing to do.
Checking FPL gameweek status...
Last gameweek the pipeline processed: 0

=== First run — raw structure of one gameweek event, verify field names ===
{
  "id": 1,
  "name": "Gameweek 1",
  "deadline_time": "2026-08-21T17:30:00Z",
  "release_time": null,
  "average_entry_score": 0,
  "finished": false,
  "data_checked": false,
  "highest_scoring_entry": null,
  "deadline_time_epoch": 1787333400,
  "deadline_time_game_offset": 0,
  "highest_score": null,
  "is_previous": false,
  "is_current": false,
  "is_next": true,
  "cup_leagues_created": false,
  "h2h_ko_matches_created": false,
  "can_enter": true,
  "can_manage": true,
  "released": true,
  "ranked_count": 0,
  "overrides": {
    "rules": {},
    "scoring": {},
    "element_types": [],
    "pick_multiplier": null
  },
  "chip_plays": [],
  "most_selected": null,
  "most_transferred_in": null,
  "top_element": null,
  "top_element_info": null,
  "transfers_made": 0,
  "most_captained": null,
  "most_vice_captained": null
}
...

No newly-completed gameweek since last run — nothing to do.
Checking FPL gameweek status...
Last gameweek the pipeline processed: 0

=== First run — raw structure of one gameweek event, verify field names ===
{
  "id": 1,
  "name": "Gameweek 1",
  "deadline_time": "2026-08-21T17:30:00Z",
  "release_time": null,
  "average_entry_score": 0,
  "finished": false,
  "data_checked": false,
  "highest_scoring_entry": null,
  "deadline_time_epoch": 1787333400,
  "deadline_time_game_offset": 0,
  "highest_score": null,
  "is_previous": false,
  "is_current": false,
  "is_next": true,
  "cup_leagues_created": false,
  "h2h_ko_matches_created": false,
  "can_enter": true,
  "can_manage": true,
  "released": true,
  "ranked_count": 0,
  "overrides": {
    "rules": {},
    "scoring": {},
    "element_types": [],
    "pick_multiplier": null
  },
  "chip_plays": [],
  "most_selected": null,
  "most_transferred_in": null,
  "top_element": null,
  "top_element_info": null,
  "transfers_made": 0,
  "most_captained": null,
  "most_vice_captained": null
}
...

No newly-completed gameweek since last run — nothing to do.
Checking FPL gameweek status...
Last gameweek the pipeline processed: 0

=== First run — raw structure of one gameweek event, verify field names ===
{
  "id": 1,
  "name": "Gameweek 1",
  "deadline_time": "2026-08-21T17:30:00Z",
  "release_time": null,
  "average_entry_score": 0,
  "finished": false,
  "data_checked": false,
  "highest_scoring_entry": null,
  "deadline_time_epoch": 1787333400,
  "deadline_time_game_offset": 0,
  "highest_score": null,
  "is_previous": false,
  "is_current": false,
  "is_next": true,
  "cup_leagues_created": false,
  "h2h_ko_matches_created": false,
  "can_enter": true,
  "can_manage": true,
  "released": true,
  "ranked_count": 0,
  "overrides": {
    "rules": {},
    "scoring": {},
    "element_types": [],
    "pick_multiplier": null
  },
  "chip_plays": [],
  "most_selected": null,
  "most_transferred_in": null,
  "top_element": null,
  "top_element_info": null,
  "transfers_made": 0,
  "most_captained": null,
  "most_vice_captained": null
}
...

No newly-completed gameweek since last run — nothing to do.
Checking FPL gameweek status...
Last gameweek the pipeline processed: 0

=== First run — raw structure of one gameweek event, verify field names ===
{
  "id": 1,
  "name": "Gameweek 1",
  "deadline_time": "2026-08-21T17:30:00Z",
  "release_time": null,
  "average_entry_score": 0,
  "finished": false,
  "data_checked": false,
  "highest_scoring_entry": null,
  "deadline_time_epoch": 1787333400,
  "deadline_time_game_offset": 0,
  "highest_score": null,
  "is_previous": false,
  "is_current": false,
  "is_next": true,
  "cup_leagues_created": false,
  "h2h_ko_matches_created": false,
  "can_enter": true,
  "can_manage": true,
  "released": true,
  "ranked_count": 0,
  "overrides": {
    "rules": {},
    "scoring": {},
    "element_types": [],
    "pick_multiplier": null
  },
  "chip_plays": [],
  "most_selected": null,
  "most_transferred_in": null,
  "top_element": null,
  "top_element_info": null,
  "transfers_made": 0,
  "most_captained": null,
  "most_vice_captained": null
}
...

No newly-completed gameweek since last run — nothing to do.
Checking FPL gameweek status...
Last gameweek the pipeline processed: 0

=== First run — raw structure of one gameweek event, verify field names ===
{
  "id": 1,
  "name": "Gameweek 1",
  "deadline_time": "2026-08-21T17:30:00Z",
  "release_time": null,
  "average_entry_score": 0,
  "finished": false,
  "data_checked": false,
  "highest_scoring_entry": null,
  "deadline_time_epoch": 1787333400,
  "deadline_time_game_offset": 0,
  "highest_score": null,
  "is_previous": false,
  "is_current": false,
  "is_next": true,
  "cup_leagues_created": false,
  "h2h_ko_matches_created": false,
  "can_enter": true,
  "can_manage": true,
  "released": true,
  "ranked_count": 0,
  "overrides": {
    "rules": {},
    "scoring": {},
    "element_types": [],
    "pick_multiplier": null
  },
  "chip_plays": [],
  "most_selected": null,
  "most_transferred_in": null,
  "top_element": null,
  "top_element_info": null,
  "transfers_made": 0,
  "most_captained": null,
  "most_vice_captained": null
}
...

No newly-completed gameweek since last run — nothing to do.
Checking FPL gameweek status...
Last gameweek the pipeline processed: 0

=== First run — raw structure of one gameweek event, verify field names ===
{
  "id": 1,
  "name": "Gameweek 1",
  "deadline_time": "2026-08-21T17:30:00Z",
  "release_time": null,
  "average_entry_score": 0,
  "finished": false,
  "data_checked": false,
  "highest_scoring_entry": null,
  "deadline_time_epoch": 1787333400,
  "deadline_time_game_offset": 0,
  "highest_score": null,
  "is_previous": false,
  "is_current": false,
  "is_next": true,
  "cup_leagues_created": false,
  "h2h_ko_matches_created": false,
  "can_enter": true,
  "can_manage": true,
  "released": true,
  "ranked_count": 0,
  "overrides": {
    "rules": {},
    "scoring": {},
    "element_types": [],
    "pick_multiplier": null
  },
  "chip_plays": [],
  "most_selected": null,
  "most_transferred_in": null,
  "top_element": null,
  "top_element_info": null,
  "transfers_made": 0,
  "most_captained": null,
  "most_vice_captained": null
}
...

No newly-completed gameweek since last run — nothing to do.
Checking FPL gameweek status...
Could not reach FPL API: HTTPSConnectionPool(host='fantasy.premierleague.com', port=443): Max retries exceeded with url: /api/bootstrap-static/ (Caused by NameResolutionError("HTTPSConnection(host='fantasy.premierleague.com', port=443): Failed to resolve 'fantasy.premierleague.com' ([Errno 8] nodename nor servname provided, or not known)")) — will try again next scheduled check.
Checking FPL gameweek status...
Could not reach FPL API: HTTPSConnectionPool(host='fantasy.premierleague.com', port=443): Read timed out. (read timeout=15) — will try again next scheduled check.
Checking FPL gameweek status...
Last gameweek the pipeline processed: 0

=== First run — raw structure of one gameweek event, verify field names ===
{
  "id": 1,
  "name": "Gameweek 1",
  "deadline_time": "2026-08-21T17:30:00Z",
  "release_time": null,
  "average_entry_score": 0,
  "finished": false,
  "data_checked": false,
  "highest_scoring_entry": null,
  "deadline_time_epoch": 1787333400,
  "deadline_time_game_offset": 0,
  "highest_score": null,
  "is_previous": false,
  "is_current": false,
  "is_next": true,
  "cup_leagues_created": false,
  "h2h_ko_matches_created": false,
  "can_enter": true,
  "can_manage": true,
  "released": true,
  "ranked_count": 0,
  "overrides": {
    "rules": {},
    "scoring": {},
    "element_types": [],
    "pick_multiplier": null
  },
  "chip_plays": [],
  "most_selected": null,
  "most_transferred_in": null,
  "top_element": null,
  "top_element_info": null,
  "transfers_made": 0,
  "most_captained": null,
  "most_vice_captained": null
}
...

No newly-completed gameweek since last run — nothing to do.
Checking FPL gameweek status...
Last gameweek the pipeline processed: 0

=== First run — raw structure of one gameweek event, verify field names ===
{
  "id": 1,
  "name": "Gameweek 1",
  "deadline_time": "2026-08-21T17:30:00Z",
  "release_time": null,
  "average_entry_score": 0,
  "finished": false,
  "data_checked": false,
  "highest_scoring_entry": null,
  "deadline_time_epoch": 1787333400,
  "deadline_time_game_offset": 0,
  "highest_score": null,
  "is_previous": false,
  "is_current": false,
  "is_next": true,
  "cup_leagues_created": false,
  "h2h_ko_matches_created": false,
  "can_enter": true,
  "can_manage": true,
  "released": true,
  "ranked_count": 0,
  "overrides": {
    "rules": {},
    "scoring": {},
    "element_types": [],
    "pick_multiplier": null
  },
  "chip_plays": [],
  "most_selected": null,
  "most_transferred_in": null,
  "top_element": null,
  "top_element_info": null,
  "transfers_made": 0,
  "most_captained": null,
  "most_vice_captained": null
}
...

No newly-completed gameweek since last run — nothing to do.
Checking FPL gameweek status...
Last gameweek the pipeline processed: 0

=== First run — raw structure of one gameweek event, verify field names ===
{
  "id": 1,
  "name": "Gameweek 1",
  "deadline_time": "2026-08-21T17:30:00Z",
  "release_time": null,
  "average_entry_score": 0,
  "finished": false,
  "data_checked": false,
  "highest_scoring_entry": null,
  "deadline_time_epoch": 1787333400,
  "deadline_time_game_offset": 0,
  "highest_score": null,
  "is_previous": false,
  "is_current": false,
  "is_next": true,
  "cup_leagues_created": false,
  "h2h_ko_matches_created": false,
  "can_enter": true,
  "can_manage": true,
  "released": true,
  "ranked_count": 0,
  "overrides": {
    "rules": {},
    "scoring": {},
    "element_types": [],
    "pick_multiplier": null
  },
  "chip_plays": [],
  "most_selected": null,
  "most_transferred_in": null,
  "top_element": null,
  "top_element_info": null,
  "transfers_made": 0,
  "most_captained": null,
  "most_vice_captained": null
}
...

No newly-completed gameweek since last run — nothing to do.
Checking FPL gameweek status...
Last gameweek the pipeline processed: 0

=== First run — raw structure of one gameweek event, verify field names ===
{
  "id": 1,
  "name": "Gameweek 1",
  "deadline_time": "2026-08-21T17:30:00Z",
  "release_time": null,
  "average_entry_score": 0,
  "finished": false,
  "data_checked": false,
  "highest_scoring_entry": null,
  "deadline_time_epoch": 1787333400,
  "deadline_time_game_offset": 0,
  "highest_score": null,
  "is_previous": false,
  "is_current": false,
  "is_next": true,
  "cup_leagues_created": false,
  "h2h_ko_matches_created": false,
  "can_enter": true,
  "can_manage": true,
  "released": true,
  "ranked_count": 0,
  "overrides": {
    "rules": {},
    "scoring": {},
    "element_types": [],
    "pick_multiplier": null
  },
  "chip_plays": [],
  "most_selected": null,
  "most_transferred_in": null,
  "top_element": null,
  "top_element_info": null,
  "transfers_made": 0,
  "most_captained": null,
  "most_vice_captained": null
}
...

No newly-completed gameweek since last run — nothing to do.
Checking FPL gameweek status...
Last gameweek the pipeline processed: 0

=== First run — raw structure of one gameweek event, verify field names ===
{
  "id": 1,
  "name": "Gameweek 1",
  "deadline_time": "2026-08-21T17:30:00Z",
  "release_time": null,
  "average_entry_score": 0,
  "finished": false,
  "data_checked": false,
  "highest_scoring_entry": null,
  "deadline_time_epoch": 1787333400,
  "deadline_time_game_offset": 0,
  "highest_score": null,
  "is_previous": false,
  "is_current": false,
  "is_next": true,
  "cup_leagues_created": false,
  "h2h_ko_matches_created": false,
  "can_enter": true,
  "can_manage": true,
  "released": true,
  "ranked_count": 0,
  "overrides": {
    "rules": {},
    "scoring": {},
    "element_types": [],
    "pick_multiplier": null
  },
  "chip_plays": [],
  "most_selected": null,
  "most_transferred_in": null,
  "top_element": null,
  "top_element_info": null,
  "transfers_made": 0,
  "most_captained": null,
  "most_vice_captained": null
}
...

No newly-completed gameweek since last run — nothing to do.
Checking FPL gameweek status...
Last gameweek the pipeline processed: 0

=== First run — raw structure of one gameweek event, verify field names ===
{
  "id": 1,
  "name": "Gameweek 1",
  "deadline_time": "2026-08-21T17:30:00Z",
  "release_time": null,
  "average_entry_score": 0,
  "finished": false,
  "data_checked": false,
  "highest_scoring_entry": null,
  "deadline_time_epoch": 1787333400,
  "deadline_time_game_offset": 0,
  "highest_score": null,
  "is_previous": false,
  "is_current": false,
  "is_next": true,
  "cup_leagues_created": false,
  "h2h_ko_matches_created": false,
  "can_enter": true,
  "can_manage": true,
  "released": true,
  "ranked_count": 0,
  "overrides": {
    "rules": {},
    "scoring": {},
    "element_types": [],
    "pick_multiplier": null
  },
  "chip_plays": [],
  "most_selected": null,
  "most_transferred_in": null,
  "top_element": null,
  "top_element_info": null,
  "transfers_made": 0,
  "most_captained": null,
  "most_vice_captained": null
}
...

No newly-completed gameweek since last run — nothing to do.
Checking FPL gameweek status...
Last gameweek the pipeline processed: 0

=== First run — raw structure of one gameweek event, verify field names ===
{
  "id": 1,
  "name": "Gameweek 1",
  "deadline_time": "2026-08-21T17:30:00Z",
  "release_time": null,
  "average_entry_score": 0,
  "finished": false,
  "data_checked": false,
  "highest_scoring_entry": null,
  "deadline_time_epoch": 1787333400,
  "deadline_time_game_offset": 0,
  "highest_score": null,
  "is_previous": false,
  "is_current": false,
  "is_next": true,
  "cup_leagues_created": false,
  "h2h_ko_matches_created": false,
  "can_enter": true,
  "can_manage": true,
  "released": true,
  "ranked_count": 0,
  "overrides": {
    "rules": {},
    "scoring": {},
    "element_types": [],
    "pick_multiplier": null
  },
  "chip_plays": [],
  "most_selected": null,
  "most_transferred_in": null,
  "top_element": null,
  "top_element_info": null,
  "transfers_made": 0,
  "most_captained": null,
  "most_vice_captained": null
}
...

No newly-completed gameweek since last run — nothing to do.
Checking FPL gameweek status...
Last gameweek the pipeline processed: 0

=== First run — raw structure of one gameweek event, verify field names ===
{
  "id": 1,
  "name": "Gameweek 1",
  "deadline_time": "2026-08-21T17:30:00Z",
  "release_time": null,
  "average_entry_score": 0,
  "finished": false,
  "data_checked": false,
  "highest_scoring_entry": null,
  "deadline_time_epoch": 1787333400,
  "deadline_time_game_offset": 0,
  "highest_score": null,
  "is_previous": false,
  "is_current": false,
  "is_next": true,
  "cup_leagues_created": false,
  "h2h_ko_matches_created": false,
  "can_enter": true,
  "can_manage": true,
  "released": true,
  "ranked_count": 0,
  "overrides": {
    "rules": {},
    "scoring": {},
    "element_types": [],
    "pick_multiplier": null
  },
  "chip_plays": [],
  "most_selected": null,
  "most_transferred_in": null,
  "top_element": null,
  "top_element_info": null,
  "transfers_made": 0,
  "most_captained": null,
  "most_vice_captained": null
}
...

No newly-completed gameweek since last run — nothing to do.
Checking FPL gameweek status...
Last gameweek the pipeline processed: 0

=== First run — raw structure of one gameweek event, verify field names ===
{
  "id": 1,
  "name": "Gameweek 1",
  "deadline_time": "2026-08-21T17:30:00Z",
  "release_time": null,
  "average_entry_score": 0,
  "finished": false,
  "data_checked": false,
  "highest_scoring_entry": null,
  "deadline_time_epoch": 1787333400,
  "deadline_time_game_offset": 0,
  "highest_score": null,
  "is_previous": false,
  "is_current": false,
  "is_next": true,
  "cup_leagues_created": false,
  "h2h_ko_matches_created": false,
  "can_enter": true,
  "can_manage": true,
  "released": true,
  "ranked_count": 0,
  "overrides": {
    "rules": {},
    "scoring": {},
    "element_types": [],
    "pick_multiplier": null
  },
  "chip_plays": [],
  "most_selected": null,
  "most_transferred_in": null,
  "top_element": null,
  "top_element_info": null,
  "transfers_made": 0,
  "most_captained": null,
  "most_vice_captained": null
}
...

No newly-completed gameweek since last run — nothing to do.
Checking FPL gameweek status...
Last gameweek the pipeline processed: 0

=== First run — raw structure of one gameweek event, verify field names ===
{
  "id": 1,
  "name": "Gameweek 1",
  "deadline_time": "2026-08-21T17:30:00Z",
  "release_time": null,
  "average_entry_score": 0,
  "finished": false,
  "data_checked": false,
  "highest_scoring_entry": null,
  "deadline_time_epoch": 1787333400,
  "deadline_time_game_offset": 0,
  "highest_score": null,
  "is_previous": false,
  "is_current": false,
  "is_next": true,
  "cup_leagues_created": false,
  "h2h_ko_matches_created": false,
  "can_enter": true,
  "can_manage": true,
  "released": true,
  "ranked_count": 0,
  "overrides": {
    "rules": {},
    "scoring": {},
    "element_types": [],
    "pick_multiplier": null
  },
  "chip_plays": [],
  "most_selected": null,
  "most_transferred_in": null,
  "top_element": null,
  "top_element_info": null,
  "transfers_made": 0,
  "most_captained": null,
  "most_vice_captained": null
}
...

No newly-completed gameweek since last run — nothing to do.
Checking FPL gameweek status...
Last gameweek the pipeline processed: 0

=== First run — raw structure of one gameweek event, verify field names ===
{
  "id": 1,
  "name": "Gameweek 1",
  "deadline_time": "2026-08-21T17:30:00Z",
  "release_time": null,
  "average_entry_score": 0,
  "finished": false,
  "data_checked": false,
  "highest_scoring_entry": null,
  "deadline_time_epoch": 1787333400,
  "deadline_time_game_offset": 0,
  "highest_score": null,
  "is_previous": false,
  "is_current": false,
  "is_next": true,
  "cup_leagues_created": false,
  "h2h_ko_matches_created": false,
  "can_enter": true,
  "can_manage": true,
  "released": true,
  "ranked_count": 0,
  "overrides": {
    "rules": {},
    "scoring": {},
    "element_types": [],
    "pick_multiplier": null
  },
  "chip_plays": [],
  "most_selected": null,
  "most_transferred_in": null,
  "top_element": null,
  "top_element_info": null,
  "transfers_made": 0,
  "most_captained": null,
  "most_vice_captained": null
}
...

No newly-completed gameweek since last run — nothing to do.
Checking FPL gameweek status...
Last gameweek the pipeline processed: 0

=== First run — raw structure of one gameweek event, verify field names ===
{
  "id": 1,
  "name": "Gameweek 1",
  "deadline_time": "2026-08-21T17:30:00Z",
  "release_time": null,
  "average_entry_score": 0,
  "finished": false,
  "data_checked": false,
  "highest_scoring_entry": null,
  "deadline_time_epoch": 1787333400,
  "deadline_time_game_offset": 0,
  "highest_score": null,
  "is_previous": false,
  "is_current": false,
  "is_next": true,
  "cup_leagues_created": false,
  "h2h_ko_matches_created": false,
  "can_enter": true,
  "can_manage": true,
  "released": true,
  "ranked_count": 0,
  "overrides": {
    "rules": {},
    "scoring": {},
    "element_types": [],
    "pick_multiplier": null
  },
  "chip_plays": [],
  "most_selected": null,
  "most_transferred_in": null,
  "top_element": null,
  "top_element_info": null,
  "transfers_made": 0,
  "most_captained": null,
  "most_vice_captained": null
}
...

No newly-completed gameweek since last run — nothing to do.
Checking FPL gameweek status...
Last gameweek the pipeline processed: 0

=== First run — raw structure of one gameweek event, verify field names ===
{
  "id": 1,
  "name": "Gameweek 1",
  "deadline_time": "2026-08-21T17:30:00Z",
  "release_time": null,
  "average_entry_score": 0,
  "finished": false,
  "data_checked": false,
  "highest_scoring_entry": null,
  "deadline_time_epoch": 1787333400,
  "deadline_time_game_offset": 0,
  "highest_score": null,
  "is_previous": false,
  "is_current": false,
  "is_next": true,
  "cup_leagues_created": false,
  "h2h_ko_matches_created": false,
  "can_enter": true,
  "can_manage": true,
  "released": true,
  "ranked_count": 0,
  "overrides": {
    "rules": {},
    "scoring": {},
    "element_types": [],
    "pick_multiplier": null
  },
  "chip_plays": [],
  "most_selected": null,
  "most_transferred_in": null,
  "top_element": null,
  "top_element_info": null,
  "transfers_made": 0,
  "most_captained": null,
  "most_vice_captained": null
}
...

No newly-completed gameweek since last run — nothing to do.
Checking FPL gameweek status...
Last gameweek the pipeline processed: 0

=== First run — raw structure of one gameweek event, verify field names ===
{
  "id": 1,
  "name": "Gameweek 1",
  "deadline_time": "2026-08-21T17:30:00Z",
  "release_time": null,
  "average_entry_score": 0,
  "finished": false,
  "data_checked": false,
  "highest_scoring_entry": null,
  "deadline_time_epoch": 1787333400,
  "deadline_time_game_offset": 0,
  "highest_score": null,
  "is_previous": false,
  "is_current": false,
  "is_next": true,
  "cup_leagues_created": false,
  "h2h_ko_matches_created": false,
  "can_enter": true,
  "can_manage": true,
  "released": true,
  "ranked_count": 0,
  "overrides": {
    "rules": {},
    "scoring": {},
    "element_types": [],
    "pick_multiplier": null
  },
  "chip_plays": [],
  "most_selected": null,
  "most_transferred_in": null,
  "top_element": null,
  "top_element_info": null,
  "transfers_made": 0,
  "most_captained": null,
  "most_vice_captained": null
}
...

No newly-completed gameweek since last run — nothing to do.
Checking FPL gameweek status...
Last gameweek the pipeline processed: 0

=== First run — raw structure of one gameweek event, verify field names ===
{
  "id": 1,
  "name": "Gameweek 1",
  "deadline_time": "2026-08-21T17:30:00Z",
  "release_time": null,
  "average_entry_score": 0,
  "finished": false,
  "data_checked": false,
  "highest_scoring_entry": null,
  "deadline_time_epoch": 1787333400,
  "deadline_time_game_offset": 0,
  "highest_score": null,
  "is_previous": false,
  "is_current": false,
  "is_next": true,
  "cup_leagues_created": false,
  "h2h_ko_matches_created": false,
  "can_enter": true,
  "can_manage": true,
  "released": true,
  "ranked_count": 0,
  "overrides": {
    "rules": {},
    "scoring": {},
    "element_types": [],
    "pick_multiplier": null
  },
  "chip_plays": [],
  "most_selected": null,
  "most_transferred_in": null,
  "top_element": null,
  "top_element_info": null,
  "transfers_made": 0,
  "most_captained": null,
  "most_vice_captained": null
}
...

No newly-completed gameweek since last run — nothing to do.
Checking FPL gameweek status...
Last gameweek the pipeline processed: 0

=== First run — raw structure of one gameweek event, verify field names ===
{
  "id": 1,
  "name": "Gameweek 1",
  "deadline_time": "2026-08-21T17:30:00Z",
  "release_time": null,
  "average_entry_score": 0,
  "finished": false,
  "data_checked": false,
  "highest_scoring_entry": null,
  "deadline_time_epoch": 1787333400,
  "deadline_time_game_offset": 0,
  "highest_score": null,
  "is_previous": false,
  "is_current": false,
  "is_next": true,
  "cup_leagues_created": false,
  "h2h_ko_matches_created": false,
  "can_enter": true,
  "can_manage": true,
  "released": true,
  "ranked_count": 0,
  "overrides": {
    "rules": {},
    "scoring": {},
    "element_types": [],
    "pick_multiplier": null
  },
  "chip_plays": [],
  "most_selected": null,
  "most_transferred_in": null,
  "top_element": null,
  "top_element_info": null,
  "transfers_made": 0,
  "most_captained": null,
  "most_vice_captained": null
}
...

No newly-completed gameweek since last run — nothing to do.
Checking FPL gameweek status...
Last gameweek the pipeline processed: 0

=== First run — raw structure of one gameweek event, verify field names ===
{
  "id": 1,
  "name": "Gameweek 1",
  "deadline_time": "2026-08-21T17:30:00Z",
  "release_time": null,
  "average_entry_score": 0,
  "finished": false,
  "data_checked": false,
  "highest_scoring_entry": null,
  "deadline_time_epoch": 1787333400,
  "deadline_time_game_offset": 0,
  "highest_score": null,
  "is_previous": false,
  "is_current": false,
  "is_next": true,
  "cup_leagues_created": false,
  "h2h_ko_matches_created": false,
  "can_enter": true,
  "can_manage": true,
  "released": true,
  "ranked_count": 0,
  "overrides": {
    "rules": {},
    "scoring": {},
    "element_types": [],
    "pick_multiplier": null
  },
  "chip_plays": [],
  "most_selected": null,
  "most_transferred_in": null,
  "top_element": null,
  "top_element_info": null,
  "transfers_made": 0,
  "most_captained": null,
  "most_vice_captained": null
}
...

No newly-completed gameweek since last run — nothing to do.
Checking FPL gameweek status...
Last gameweek the pipeline processed: 0

=== First run — raw structure of one gameweek event, verify field names ===
{
  "id": 1,
  "name": "Gameweek 1",
  "deadline_time": "2026-08-21T17:30:00Z",
  "release_time": null,
  "average_entry_score": 0,
  "finished": false,
  "data_checked": false,
  "highest_scoring_entry": null,
  "deadline_time_epoch": 1787333400,
  "deadline_time_game_offset": 0,
  "highest_score": null,
  "is_previous": false,
  "is_current": false,
  "is_next": true,
  "cup_leagues_created": false,
  "h2h_ko_matches_created": false,
  "can_enter": true,
  "can_manage": true,
  "released": true,
  "ranked_count": 0,
  "overrides": {
    "rules": {},
    "scoring": {},
    "element_types": [],
    "pick_multiplier": null
  },
  "chip_plays": [],
  "most_selected": null,
  "most_transferred_in": null,
  "top_element": null,
  "top_element_info": null,
  "transfers_made": 0,
  "most_captained": null,
  "most_vice_captained": null
}
...

No newly-completed gameweek since last run — nothing to do.
Checking FPL gameweek status...
Last gameweek the pipeline processed: 0

=== First run — raw structure of one gameweek event, verify field names ===
{
  "id": 1,
  "name": "Gameweek 1",
  "deadline_time": "2026-08-21T17:30:00Z",
  "release_time": null,
  "average_entry_score": 0,
  "finished": false,
  "data_checked": false,
  "highest_scoring_entry": null,
  "deadline_time_epoch": 1787333400,
  "deadline_time_game_offset": 0,
  "highest_score": null,
  "is_previous": false,
  "is_current": false,
  "is_next": true,
  "cup_leagues_created": false,
  "h2h_ko_matches_created": false,
  "can_enter": true,
  "can_manage": true,
  "released": true,
  "ranked_count": 0,
  "overrides": {
    "rules": {},
    "scoring": {},
    "element_types": [],
    "pick_multiplier": null
  },
  "chip_plays": [],
  "most_selected": null,
  "most_transferred_in": null,
  "top_element": null,
  "top_element_info": null,
  "transfers_made": 0,
  "most_captained": null,
  "most_vice_captained": null
}
...

No newly-completed gameweek since last run — nothing to do.
Checking FPL gameweek status...
Last gameweek the pipeline processed: 0

=== First run — raw structure of one gameweek event, verify field names ===
{
  "id": 1,
  "name": "Gameweek 1",
  "deadline_time": "2026-08-21T17:30:00Z",
  "release_time": null,
  "average_entry_score": 0,
  "finished": false,
  "data_checked": false,
  "highest_scoring_entry": null,
  "deadline_time_epoch": 1787333400,
  "deadline_time_game_offset": 0,
  "highest_score": null,
  "is_previous": false,
  "is_current": false,
  "is_next": true,
  "cup_leagues_created": false,
  "h2h_ko_matches_created": false,
  "can_enter": true,
  "can_manage": true,
  "released": true,
  "ranked_count": 0,
  "overrides": {
    "rules": {},
    "scoring": {},
    "element_types": [],
    "pick_multiplier": null
  },
  "chip_plays": [],
  "most_selected": null,
  "most_transferred_in": null,
  "top_element": null,
  "top_element_info": null,
  "transfers_made": 0,
  "most_captained": null,
  "most_vice_captained": null
}
...

No newly-completed gameweek since last run — nothing to do.
Checking FPL gameweek status...
Last gameweek the pipeline processed: 0

=== First run — raw structure of one gameweek event, verify field names ===
{
  "id": 1,
  "name": "Gameweek 1",
  "deadline_time": "2026-08-21T17:30:00Z",
  "release_time": null,
  "average_entry_score": 0,
  "finished": false,
  "data_checked": false,
  "highest_scoring_entry": null,
  "deadline_time_epoch": 1787333400,
  "deadline_time_game_offset": 0,
  "highest_score": null,
  "is_previous": false,
  "is_current": false,
  "is_next": true,
  "cup_leagues_created": false,
  "h2h_ko_matches_created": false,
  "can_enter": true,
  "can_manage": true,
  "released": true,
  "ranked_count": 0,
  "overrides": {
    "rules": {},
    "scoring": {},
    "element_types": [],
    "pick_multiplier": null
  },
  "chip_plays": [],
  "most_selected": null,
  "most_transferred_in": null,
  "top_element": null,
  "top_element_info": null,
  "transfers_made": 0,
  "most_captained": null,
  "most_vice_captained": null
}
...

No newly-completed gameweek since last run — nothing to do.
Checking FPL gameweek status...
Last gameweek the pipeline processed: 0

=== First run — raw structure of one gameweek event, verify field names ===
{
  "id": 1,
  "name": "Gameweek 1",
  "deadline_time": "2026-08-21T17:30:00Z",
  "release_time": null,
  "average_entry_score": 0,
  "finished": false,
  "data_checked": false,
  "highest_scoring_entry": null,
  "deadline_time_epoch": 1787333400,
  "deadline_time_game_offset": 0,
  "highest_score": null,
  "is_previous": false,
  "is_current": false,
  "is_next": true,
  "cup_leagues_created": false,
  "h2h_ko_matches_created": false,
  "can_enter": true,
  "can_manage": true,
  "released": true,
  "ranked_count": 0,
  "overrides": {
    "rules": {},
    "scoring": {},
    "element_types": [],
    "pick_multiplier": null
  },
  "chip_plays": [],
  "most_selected": null,
  "most_transferred_in": null,
  "top_element": null,
  "top_element_info": null,
  "transfers_made": 0,
  "most_captained": null,
  "most_vice_captained": null
}
...

No newly-completed gameweek since last run — nothing to do.
